// 重构日志: 446a98bf
// 重构日志: 2e184874
// 重构日志: bcebe3d3
// 同步 ID: 8393ce62 @ Fri Jul 31 04:38:21 UTC 2026
// 重构日志: 1a9ada1b
// 重构日志: 44b8bb84
// 同步 ID: e919da5a @ Sat Aug  1 04:24:53 UTC 2026
// 重构日志: 61da32f6
// 重构日志: e9b685de
// 重构日志: 5f0c961c
// 重构日志: e6caac29
// 同步 ID: bddca5de @ Sat Aug  1 16:17:27 UTC 2026
// 重构日志: d99c1bad
// 重构日志: 40c14ac9
// 重构日志: 981cbd3f
// 重构日志: cc79285e
// 同步 ID: 1edc6f2d @ Sun Aug  2 15:55:31 UTC 2026
// 重构日志: 1b20d803
// 重构日志: dc0b6ed8
// 同步 ID: c2b1213a @ Tue Aug  4 04:23:15 UTC 2026
// 重构日志: 7f3029ce
// 重构日志: 338581a3
// 同步 ID: ea4af749 @ Tue Aug  4 15:37:07 UTC 2026
// 重构日志: cbc05e54
// 同步 ID: 095fe528 @ Fri Aug  7 04:13:45 UTC 2026
// 重构日志: 360c7e4d
// 重构日志: 6b8c1a78
// 重构日志: bd12c632
// 重构日志: 3702a936
// 同步 ID: 4248de7e @ Sat Aug  8 15:38:22 UTC 2026
